---
source: UseCaseCoverageCore/tests/e2e_test.rs
expression: features
---
- source_path: feature.ucc
  schema_version: "1.0"
  feature:
    id: feature-multiple-use-cases
    title: Feature with multiple use cases
    created_at: 2026-05-10
    updated_at: ~
    description: "This scenario contains 1 feature and multiple use cases.\n"
  tags: []
  platforms: []
  related_features: []
  artifacts:
    - id: ucc-001
      artifact_type: ~
      created_at: 2026-05-10
      title: First use case
      priority: high
      related: []
      steps:
        - Step 1
      expected:
        - Expected 1
    - id: ucc-002
      artifact_type: ~
      created_at: 2026-05-10
      title: Second use case
      priority: medium
      related: []
      steps:
        - Step 1
      expected:
        - Expected 1
