---
source: UseCaseCoverageCore/tests/e2e_test.rs
expression: features
---
- sourcePath: feature.ucc
  schemaVersion: "1.0"
  feature:
    id: feature-multiple-use-cases-and-bugs
    title: Feature with multiple use cases and bugs
    createdAt: 2026-05-10
    updatedAt: ~
    lastModifiedAt: ~
    description: "This scenario contains 1 feature, multiple use cases, and multiple bugs.\n"
  tags: []
  platforms: []
  relatedFeatures: []
  artifacts:
    - id: bug-001
      artifactType: regression
      createdAt: 2026-05-10
      updatedAt: ~
      lastModifiedAt: ~
      title: First bug
      priority: none
      related:
        - ucc-001
      platforms: []
      steps: []
      expected: []
      tags: []
      coverageGapReason: Blocked by infrastructure issues.
    - id: bug-002
      artifactType: regression
      createdAt: 2026-05-10
      updatedAt: ~
      lastModifiedAt: ~
      title: Second bug
      priority: none
      related:
        - ucc-002
      platforms: []
      steps: []
      expected: []
      tags: []
      coverageGapReason: ~
    - id: ucc-001
      artifactType: ~
      createdAt: 2026-05-10
      updatedAt: ~
      lastModifiedAt: ~
      title: First use case
      priority: high
      related: []
      platforms: []
      steps:
        - Step 1
      expected: []
      tags: []
      coverageGapReason: ~
    - id: ucc-002
      artifactType: ~
      createdAt: 2026-05-10
      updatedAt: ~
      lastModifiedAt: ~
      title: Second use case
      priority: medium
      related: []
      platforms: []
      steps:
        - Step 1
      expected: []
      tags: []
      coverageGapReason: Manual verification required for hardware-specific steps.
