---
source: UseCaseCoverageCore/tests/e2e_test.rs
assertion_line: 56
expression: features
---
- sourcePath: core/feature_a.ucc
  schemaVersion: "1.0"
  feature:
    id: nested-feature-a
    title: Nested Feature A
    createdAt: 2026-05-10
    updatedAt: ~
    lastModifiedAt: "2026-05-10 17:51"
    description: "First nested feature in the core directory.\n"
  tags: []
  platforms: []
  relatedFeatures: []
  artifacts:
    - id: nf-a-bug-001
      artifactType: regression
      createdAt: 2026-05-10
      updatedAt: ~
      lastModifiedAt: "2026-05-10 17:51"
      title: Bug 1 NF A
      priority: none
      related: []
      platforms: []
      steps: []
      expected: []
    - id: nf-a-ucc-001
      artifactType: ~
      createdAt: 2026-05-10
      updatedAt: ~
      lastModifiedAt: "2026-05-10 17:51"
      title: First use case NF A
      priority: high
      related: []
      platforms: []
      steps:
        - Step 1
      expected: []
- sourcePath: core/auth/feature_b.ucc
  schemaVersion: "1.0"
  feature:
    id: nested-feature-b
    title: Nested Feature B
    createdAt: 2026-05-10
    updatedAt: ~
    lastModifiedAt: "2026-05-10 17:51"
    description: "Second nested feature in the auth directory.\n"
  tags: []
  platforms: []
  relatedFeatures: []
  artifacts:
    - id: nf-b-bug-001
      artifactType: regression
      createdAt: 2026-05-10
      updatedAt: ~
      lastModifiedAt: "2026-05-10 17:51"
      title: Bug 1 NF B
      priority: none
      related: []
      platforms: []
      steps: []
      expected: []
    - id: nf-b-ucc-001
      artifactType: ~
      createdAt: 2026-05-10
      updatedAt: ~
      lastModifiedAt: "2026-05-10 17:51"
      title: First use case NF B
      priority: high
      related: []
      platforms: []
      steps:
        - Step 1
      expected: []
