---
source: UseCaseCoverageCore/tests/e2e_test.rs
expression: features
---
- source_path: simple_feature.ucc
  schema_version: "1.0"
  feature:
    id: feature-simple
    title: A simple feature
    created_at: 2026-05-10
    updated_at: 2026-05-10
    description: "This is the most simple scenario for an e2e test. It contains a single feature with a single use case.\n"
  tags: []
  platforms: []
  related_features: []
  artifacts:
    - id: ucc-001
      artifact_type: ~
      created_at: 2026-05-10
      title: Simple single use case
      priority: medium
      related: []
      steps:
        - Step 1
      expected:
        - Expected 1
